#./src/main/resources/Entities.map
#Mon Feb 05 17:56:06 CET 2018
OutBoxAdministrator5=6556
TrashBoxRanger5=6583
OutBoxAdministrator4=6551
TrashBoxRanger4=6578
OutBoxAdministrator3=6546
TrashBoxRanger3=6573
OutBoxAdministrator2=6541
message2=6713
TrashBoxRanger2=6568
OutBoxAdministrator1=6536
message1=6711
TrashBoxRanger1=6563
NotificationBoxManager5=6607
socialIdentityManager5=6654
NotificationBoxManager4=6602
socialIdentityManager4=6653
NotificationBoxManager3=6597
socialIdentityManager3=6652
NotificationBoxManager2=6592
riverWater=6691
socialIdentityManager2=6651
NotificationBoxManager1=6587
xxx5=6731
socialIdentityManager1=6650
xxx4=6730
xxx3=6729
xxx2=6728
xxx1=6727
configurationSystem=6513
manager5=6703
manager4=6702
lake=6688
manager3=6701
InBoxExplorer6=6635
manager2=6700
InBoxExplorer5=6630
manager1=6699
InBoxExplorer4=6625
InBoxExplorer3=6620
InBoxExplorer2=6615
InBoxExplorer1=6610
NotificationBoxRanger5=6582
NotificationBoxRanger4=6577
NotificationBoxRanger3=6572
NotificationBoxRanger2=6567
NotificationBoxRanger1=6562
messageFolder5=6644
messageFolder4=6643
messageFolder3=6642
messageFolder2=6641
messageFolder1=6640
stage6=6737
stage5=6736
stage4=6735
stage3=6734
stage2=6733
stage1=6732
mountainClimbing=6692
SpamBoxRanger5=6584
SpamBoxRanger4=6579
category=6698
SpamBoxRanger3=6574
SpamBoxRanger2=6569
SpamBoxRanger1=6564
SpamBoxExplorer6=6639
SpamBoxExplorer5=6634
SpamBoxExplorer4=6629
SpamBoxExplorer3=6624
SpamBoxExplorer2=6619
SpamBoxExplorer1=6614
climbing=6696
riverClimbing=6690
tag3=6672
tag2=6671
tag1=6670
OutBoxManager5=6606
OutBoxManager4=6601
OutBoxManager3=6596
OutBoxManager2=6591
OutBoxManager1=6586
mountainGround=6693
savana=6689
trip5=6719
trip4=6718
trip3=6717
trip2=6716
trip1=6715
SpamBoxAdministrator5=6559
SpamBoxAdministrator4=6554
SpamBoxAdministrator3=6549
SpamBoxAdministrator2=6544
message2Copy=6714
SpamBoxAdministrator1=6539
OutBoxExplorer6=6636
OutBoxExplorer5=6631
OutBoxExplorer4=6626
OutBoxExplorer3=6621
OutBoxExplorer2=6616
OutBoxExplorer1=6611
socialIdentityAdmin5=6649
socialIdentityExplorer5=6664
socialIdentityAdmin4=6648
socialIdentityExplorer4=6663
socialIdentityAdmin3=6647
socialIdentityExplorer3=6662
socialIdentityAdmin2=6646
socialIdentityExplorer2=6661
socialIdentityAdmin1=6645
safari=6697
InBoxAdministrator5=6555
InBoxAdministrator4=6550
InBoxAdministrator3=6545
InBoxAdministrator2=6540
InBoxAdministrator1=6535
userAccountRanger5=6528
userAccountManager5=6523
userAccountRanger4=6527
userAccountManager4=6522
userAccountRanger3=6526
socialIdentityExplorer=6660
userAccountManager3=6521
userAccountRanger2=6525
userAccountManager2=6520
userAccountRanger1=6524
userAccountManager1=6519
InBoxManager5=6605
InBoxManager4=6600
InBoxManager3=6595
InBoxManager2=6590
InBoxManager1=6585
value1=6710
SpamBoxManager5=6609
SpamBoxManager4=6604
SpamBoxManager3=6599
SpamBoxManager2=6594
SpamBoxManager1=6589
message1Copy=6712
applicationFor7=6726
applicationFor6=6725
applicationFor5=6724
applicationFor4=6723
applicationFor3=6722
applicationFor2=6721
applicationFor1=6720
TrashBoxExplorer6=6638
TrashBoxExplorer5=6633
TrashBoxExplorer4=6628
TrashBoxExplorer3=6623
ground=6695
TrashBoxExplorer2=6618
TrashBoxExplorer1=6613
userAccountExplorer6=6534
userAccountExplorer5=6533
userAccountExplorer4=6532
userAccountExplorer3=6531
userAccountExplorer2=6530
userAccountExplorer1=6529
legalText5=6687
legalText4=6686
legalText3=6685
userAccountAdmin5=6518
legalText2=6684
userAccountAdmin4=6517
legalText1=6683
userAccountAdmin3=6516
userAccountAdmin2=6515
userAccountAdmin1=6514
contactEmergency5=6682
contactEmergency4=6681
contactEmergency3=6680
contactEmergency2=6679
contactEmergency1=6678
socialIdentityRanger5=6659
socialIdentityRanger4=6658
socialIdentityRanger3=6657
explorer6=6709
socialIdentityRanger2=6656
explorer5=6708
socialIdentityRanger1=6655
explorer4=6707
explorer3=6706
explorer2=6705
OutBoxRanger5=6581
explorer1=6704
OutBoxRanger4=6576
OutBoxRanger3=6571
OutBoxRanger2=6566
OutBoxRanger1=6561
administrator5=6669
administrator4=6668
water=6694
administrator3=6667
administrator2=6666
administrator1=6665
ranger5=6677
ranger4=6676
ranger3=6675
ranger2=6674
ranger1=6673
TrashBoxAdministrator5=6558
TrashBoxAdministrator4=6553
TrashBoxAdministrator3=6548
InBoxRanger5=6580
TrashBoxAdministrator2=6543
InBoxRanger4=6575
TrashBoxAdministrator1=6538
InBoxRanger3=6570
InBoxRanger2=6565
InBoxRanger1=6560
NotificationBoxExplorer6=6637
NotificationBoxExplorer5=6632
NotificationBoxAdministrator5=6557
NotificationBoxExplorer4=6627
NotificationBoxAdministrator4=6552
NotificationBoxExplorer3=6622
NotificationBoxAdministrator3=6547
NotificationBoxExplorer2=6617
NotificationBoxAdministrator2=6542
NotificationBoxExplorer1=6612
NotificationBoxAdministrator1=6537
TrashBoxManager5=6608
TrashBoxManager4=6603
TrashBoxManager3=6598
TrashBoxManager2=6593
TrashBoxManager1=6588
